{
    "seed": -4597676960889093201,
    "samples": [
        {
            "address2": "0júª0",
            "boss": {
                "created": "1864-04-16T00:00:01.011Z",
                "name": "~£r\u001bQg`©\u0014`OSx!^",
                "id": 28
            }
        },
        {
            "address2": "",
            "boss": {
                "created": "1864-05-31T00:00:01.011Z",
                "name": null,
                "id": 29
            }
        },
        {
            "address2": "3h\u000fñëhB&}C&Q\u0003",
            "boss": null
        },
        {
            "address2": "e¿ªy1g~EI\u0007M\u0007r\r{ð/\u0007V",
            "boss": {
                "created": "1864-04-13T00:00:01.011Z",
                "name": "ê ^Zû>¡\u001c*\u0001\rª<¾`_åP\\glg\u001a--:",
                "id": -12
            }
        },
        {
            "address2": "Eä`\u0004üSm=È<\u0002ô~D\u001b",
            "boss": {
                "created": "1864-06-05T00:00:01.011Z",
                "name": null,
                "id": 23
            }
        },
        {
            "address2": "»{»¼%a\u0013Üi/\u0018",
            "boss": {
                "created": "1864-04-13T00:00:01.011Z",
                "name": "\u0008(q3Yr|_\n\u0018'\r",
                "id": 4
            }
        },
        {
            "address2": "ye\u0018",
            "boss": {
                "created": "1864-05-09T00:00:01.011Z",
                "name": null,
                "id": 1
            }
        },
        {
            "address2": "Ã%\u0017J\u0007E\u000bbujH<T=",
            "boss": {
                "created": "1864-05-28T00:00:01.011Z",
                "name": "\u001c<\u000c\u0002¿k_l\u001aX\u0019TSg\u000c&\u0003/(îveõ\u000eí",
                "id": -8
            }
        },
        {
            "address2": "`",
            "boss": {
                "created": "1864-05-05T00:00:01.011Z",
                "name": "\u001fI¬^§94]a\u0000\u001a~àÍR#Y®´\u001c<\u001es_CH\u0016",
                "id": 7
            }
        },
        {
            "address2": "`\u0008:CLþ\u0003ó6Ev\u0019>ØT{%Î",
            "boss": {
                "created": "1864-04-12T00:00:01.011Z",
                "name": "\u00067j(´\nN",
                "id": 30
            }
        }
    ]
}