{
    "seed": 1476930007050195571,
    "samples": [
        {
            "ttpFirst": 14,
            "ttpSecond": -24,
            "ttpId": 10,
            "ttpThird": [
                25,
                20
            ]
        },
        {
            "ttpFirst": 3,
            "ttpSecond": 9,
            "ttpId": -12,
            "ttpThird": [
                -23,
                20
            ]
        },
        {
            "ttpFirst": 6,
            "ttpSecond": -26,
            "ttpId": -14,
            "ttpThird": [
                19,
                -20
            ]
        },
        {
            "ttpFirst": 3,
            "ttpSecond": -20,
            "ttpId": -28,
            "ttpThird": [
                -22,
                -15
            ]
        },
        {
            "ttpFirst": 9,
            "ttpSecond": 22,
            "ttpId": 1,
            "ttpThird": [
                -1,
                18
            ]
        },
        {
            "ttpFirst": -18,
            "ttpSecond": -24,
            "ttpId": 10,
            "ttpThird": [
                -10,
                -3
            ]
        },
        {
            "ttpFirst": -4,
            "ttpSecond": 20,
            "ttpId": 3,
            "ttpThird": [
                -12,
                17
            ]
        },
        {
            "ttpFirst": 13,
            "ttpSecond": -15,
            "ttpId": -29,
            "ttpThird": [
                21,
                -30
            ]
        },
        {
            "ttpFirst": -16,
            "ttpSecond": -17,
            "ttpId": 2,
            "ttpThird": [
                6,
                -28
            ]
        },
        {
            "ttpFirst": 29,
            "ttpSecond": -23,
            "ttpId": -18,
            "ttpThird": [
                26,
                21
            ]
        }
    ]
}