{
    "seed": -3750611374719401798,
    "samples": [
        {
            "threeFirst": 21,
            "threeString": "£KlLx\u000fE9Ã\u001e%a\r\u001cÚA<K\u001d4W",
            "threeThird": 6,
            "threeId": -20,
            "threeSecond": -18
        },
        {
            "threeFirst": -9,
            "threeString": "RP\u0007",
            "threeThird": 23,
            "threeId": 5,
            "threeSecond": -1
        },
        {
            "threeFirst": -10,
            "threeString": "",
            "threeThird": -11,
            "threeId": -7,
            "threeSecond": 30
        },
        {
            "threeFirst": 14,
            "threeString": "Û)T(^G©:á7ÙBBi[|B",
            "threeThird": -11,
            "threeId": -2,
            "threeSecond": 16
        },
        {
            "threeFirst": -3,
            "threeString": "/\u0000\u0001\u001c\rL\u0004@i¹\u000c",
            "threeThird": 16,
            "threeId": 14,
            "threeSecond": 5
        },
        {
            "threeFirst": 25,
            "threeString": "\u0014§/»A\u0013\"-98x>\u0018owy|",
            "threeThird": 9,
            "threeId": -17,
            "threeSecond": -1
        },
        {
            "threeFirst": 17,
            "threeString": "â7@RÚ\u001e",
            "threeThird": -16,
            "threeId": -27,
            "threeSecond": 6
        },
        {
            "threeFirst": -17,
            "threeString": "á,`\u001f\u0017^\u0004\u0000\u000bá9p\u0008)pý[O;3\u0000\u0016 ",
            "threeThird": -20,
            "threeId": 11,
            "threeSecond": -7
        },
        {
            "threeFirst": 13,
            "threeString": "q\u0006ü#",
            "threeThird": -14,
            "threeId": 0,
            "threeSecond": -30
        },
        {
            "threeFirst": -10,
            "threeString": "pAZ9y\\àw",
            "threeThird": -28,
            "threeId": -27,
            "threeSecond": -28
        }
    ]
}