{
    "seed": -7067844687772497894,
    "samples": [
        {
            "cw": {
                "wpa": {
                    "Left": "^"
                }
            }
        },
        {
            "cw": {
                "wpa": {
                    "Right": 19.12822351812417
                }
            }
        },
        {
            "cw": {
                "wpa": {
                    "Right": -623.0922385161122
                }
            }
        },
        {
            "cw": {
                "wpa": {
                    "Right": -49.003274831091794
                }
            }
        },
        {
            "cw": {
                "wpa": {
                    "Left": "U"
                }
            }
        },
        {
            "cw": {
                "wpa": {
                    "Left": "Æ"
                }
            }
        },
        {
            "cw": {
                "wpa": {
                    "Left": "¸"
                }
            }
        },
        {
            "cw": {
                "wpa": {
                    "Left": "-"
                }
            }
        },
        {
            "cw": {
                "wpa": {
                    "Right": -6.798013115647497
                }
            }
        },
        {
            "cw": {
                "wpa": {
                    "Right": 16.829663035709956
                }
            }
        }
    ]
}