{
    "seed": -7985744246286413482,
    "samples": [
        {
            "cardValue": -30,
            "cardSuit": "Clubs"
        },
        {
            "cardValue": -10,
            "cardSuit": "Diamonds"
        },
        {
            "cardValue": -21,
            "cardSuit": "Diamonds"
        },
        {
            "cardValue": 3,
            "cardSuit": "Spades"
        },
        {
            "cardValue": 26,
            "cardSuit": "Spades"
        },
        {
            "cardValue": -1,
            "cardSuit": "Clubs"
        },
        {
            "cardValue": -28,
            "cardSuit": "Spades"
        },
        {
            "cardValue": -12,
            "cardSuit": "Diamonds"
        },
        {
            "cardValue": -21,
            "cardSuit": "Diamonds"
        },
        {
            "cardValue": -12,
            "cardSuit": "Spades"
        }
    ]
}