{
    "seed": 8454773256725009670,
    "samples": [
        {
            "address": "ªÁÇ2üËºû\u0017u§}£",
            "employees": [
                {
                    "created": "1864-04-18T00:00:01.011Z",
                    "name": "¿9×\u0019\u0010¢8èËx{ÓÂ>e~Cm",
                    "id": -11
                },
                {
                    "created": "1864-05-16T00:00:01.011Z",
                    "name": null,
                    "id": 28
                },
                {
                    "created": "1864-04-27T00:00:01.011Z",
                    "name": "\u0011®\u0012gOl]\u001aÄ0ç6(\\/\t",
                    "id": 10
                },
                {
                    "created": "1864-04-29T00:00:01.011Z",
                    "name": ")4",
                    "id": 27
                },
                {
                    "created": "1864-04-12T00:00:01.011Z",
                    "name": null,
                    "id": -1
                },
                {
                    "created": "1864-04-11T00:00:01.011Z",
                    "name": "B{9\u0005 \u0017$\u001d\u0000¡d\n$J",
                    "id": 11
                },
                {
                    "created": "1864-06-06T00:00:01.011Z",
                    "name": "\u001fí\u001c\u0019\u0006Y",
                    "id": -4
                },
                {
                    "created": "1864-04-24T00:00:01.011Z",
                    "name": "øM^añ,*9\r+j oÄtdé²\n2~{\u0000Y&6\u0005%",
                    "id": -14
                },
                {
                    "created": "1864-05-05T00:00:01.011Z",
                    "name": "cls>:",
                    "id": 28
                }
            ]
        },
        {
            "address": "{\u00078Ñ",
            "employees": [
                {
                    "created": "1864-05-14T00:00:01.011Z",
                    "name": "\u000cH0rw?\u001eêÂË~LS`)ôn\u000c\u001d!\u0008\r",
                    "id": -30
                },
                {
                    "created": "1864-06-04T00:00:01.011Z",
                    "name": "C2é)[1+\u0007b\u0003 \u0003+]\u0017s\u0003zs`\rz\u0016(",
                    "id": -1
                },
                {
                    "created": "1864-05-18T00:00:01.011Z",
                    "name": "+¾te®»\u0012~;2EcävÀ1",
                    "id": -7
                },
                {
                    "created": "1864-06-01T00:00:01.011Z",
                    "name": "°>V@$!P\u0016f",
                    "id": 22
                },
                {
                    "created": "1864-04-19T00:00:01.011Z",
                    "name": null,
                    "id": -17
                },
                {
                    "created": "1864-04-28T00:00:01.011Z",
                    "name": null,
                    "id": 5
                },
                {
                    "created": "1864-05-03T00:00:01.011Z",
                    "name": "\u001b@q|þ4àî\u0001]TÁá\u0017",
                    "id": 21
                },
                {
                    "created": "1864-05-15T00:00:01.011Z",
                    "name": "t\u001exI\u0011C\u0001\u0001I<Ì",
                    "id": 10
                },
                {
                    "created": "1864-05-11T00:00:01.011Z",
                    "name": null,
                    "id": -5
                },
                {
                    "created": "1864-05-03T00:00:01.011Z",
                    "name": "\u001cVÄ%©ÌuPö",
                    "id": -24
                },
                {
                    "created": "1864-06-08T00:00:01.011Z",
                    "name": "\u0001\u0011Ë\u0016@\u0016®dú4v;t\u0016$Oiò",
                    "id": -21
                },
                {
                    "created": "1864-04-13T00:00:01.011Z",
                    "name": "yiÚ",
                    "id": 0
                },
                {
                    "created": "1864-05-11T00:00:01.011Z",
                    "name": "xi\u0014df]#",
                    "id": 3
                },
                {
                    "created": "1864-05-26T00:00:01.011Z",
                    "name": null,
                    "id": -18
                },
                {
                    "created": "1864-05-06T00:00:01.011Z",
                    "name": "\u000b\u001b",
                    "id": 5
                },
                {
                    "created": "1864-05-13T00:00:01.011Z",
                    "name": "lñ!\u0006c\u0003=¼\u0005\u001fd\u0017xÆXÙþ:N?a\u000f>\u0018",
                    "id": 25
                },
                {
                    "created": "1864-04-18T00:00:01.011Z",
                    "name": "C\u00011À\"\u0017øsï}7U'­L\u000e\u000bQþ",
                    "id": 4
                },
                {
                    "created": "1864-05-26T00:00:01.011Z",
                    "name": null,
                    "id": 17
                },
                {
                    "created": "1864-05-08T00:00:01.011Z",
                    "name": null,
                    "id": -7
                },
                {
                    "created": "1864-05-26T00:00:01.011Z",
                    "name": null,
                    "id": 23
                },
                {
                    "created": "1864-05-30T00:00:01.011Z",
                    "name": null,
                    "id": 11
                },
                {
                    "created": "1864-06-04T00:00:01.011Z",
                    "name": "<%@9m>p",
                    "id": 17
                },
                {
                    "created": "1864-06-02T00:00:01.011Z",
                    "name": null,
                    "id": -22
                },
                {
                    "created": "1864-05-17T00:00:01.011Z",
                    "name": "|[",
                    "id": -7
                },
                {
                    "created": "1864-05-13T00:00:01.011Z",
                    "name": null,
                    "id": -27
                },
                {
                    "created": "1864-05-05T00:00:01.011Z",
                    "name": "\u0001%U>³\u0012f\u0012Â hÊ~=",
                    "id": 22
                },
                {
                    "created": "1864-05-22T00:00:01.011Z",
                    "name": null,
                    "id": 20
                },
                {
                    "created": "1864-05-25T00:00:01.011Z",
                    "name": "I\u0011Þ°VB\u0019t\t\u0014D¢V\u001at\u0010z÷S",
                    "id": 16
                }
            ]
        },
        {
            "address": "ln!?jn\"\u0011óKM",
            "employees": [
                {
                    "created": "1864-05-24T00:00:01.011Z",
                    "name": null,
                    "id": 4
                },
                {
                    "created": "1864-04-19T00:00:01.011Z",
                    "name": null,
                    "id": 19
                },
                {
                    "created": "1864-04-13T00:00:01.011Z",
                    "name": null,
                    "id": 5
                },
                {
                    "created": "1864-05-02T00:00:01.011Z",
                    "name": "+C(Ò",
                    "id": 10
                },
                {
                    "created": "1864-05-26T00:00:01.011Z",
                    "name": "nQàø½¿NæsºBn!\"\u000b³-ZfÛh",
                    "id": 20
                },
                {
                    "created": "1864-04-27T00:00:01.011Z",
                    "name": "]5~\u0019O¸/¾d|Æ~",
                    "id": 20
                },
                {
                    "created": "1864-05-01T00:00:01.011Z",
                    "name": "~-",
                    "id": 14
                },
                {
                    "created": "1864-05-11T00:00:01.011Z",
                    "name": "",
                    "id": -23
                },
                {
                    "created": "1864-05-23T00:00:01.011Z",
                    "name": "r\u0016@Sr\u0001Ç",
                    "id": -16
                },
                {
                    "created": "1864-05-21T00:00:01.011Z",
                    "name": "jI|¦\u0003",
                    "id": -3
                },
                {
                    "created": "1864-05-25T00:00:01.011Z",
                    "name": null,
                    "id": 30
                },
                {
                    "created": "1864-04-12T00:00:01.011Z",
                    "name": "\u000cx1\u00014\n#\u0008B[w|oîB\u0007!/d\u0019<ß\u0004\u0012(",
                    "id": -21
                },
                {
                    "created": "1864-05-26T00:00:01.011Z",
                    "name": "\rM\tMZ\u0004Fïê8{Aèv«\u0002j^]X8z\tWClD;",
                    "id": -29
                },
                {
                    "created": "1864-04-11T00:00:01.011Z",
                    "name": "#\u00006×Î\u0008sÚ9:ÄJ­K\u0019j)»Ò]",
                    "id": -18
                },
                {
                    "created": "1864-04-26T00:00:01.011Z",
                    "name": ")!ýù¸Dj,¾j%5\u001dNF$IR%n\u0004",
                    "id": 17
                },
                {
                    "created": "1864-05-10T00:00:01.011Z",
                    "name": "­\u001e\u000e£\u00112vl?dlTàh4rA\u000eî^+_<",
                    "id": 7
                },
                {
                    "created": "1864-04-22T00:00:01.011Z",
                    "name": "RÁæ*ãggUô\u00044WcÍü´FCj7·ã\tY_*\u0000",
                    "id": 0
                },
                {
                    "created": "1864-05-29T00:00:01.011Z",
                    "name": "`\u001bj¦ÌA",
                    "id": -20
                },
                {
                    "created": "1864-04-25T00:00:01.011Z",
                    "name": null,
                    "id": -15
                },
                {
                    "created": "1864-06-04T00:00:01.011Z",
                    "name": "ÝYð\u0015iÌ\u0016E",
                    "id": -16
                },
                {
                    "created": "1864-06-02T00:00:01.011Z",
                    "name": "<",
                    "id": -22
                },
                {
                    "created": "1864-05-28T00:00:01.011Z",
                    "name": "{v\u0006",
                    "id": -17
                },
                {
                    "created": "1864-05-16T00:00:01.011Z",
                    "name": null,
                    "id": 11
                }
            ]
        },
        {
            "address": "\u0008WQ",
            "employees": [
                {
                    "created": "1864-05-09T00:00:01.011Z",
                    "name": "\u0016nj\u0004bq\u0013yôzc",
                    "id": -30
                },
                {
                    "created": "1864-05-15T00:00:01.011Z",
                    "name": " Ó¬C}ìM)\u0010zßÚ¦\u0014M§Ç9á$",
                    "id": -30
                },
                {
                    "created": "1864-04-25T00:00:01.011Z",
                    "name": "´\u0001<X'Ah\u001f",
                    "id": -4
                },
                {
                    "created": "1864-06-01T00:00:01.011Z",
                    "name": "í[Y\u0000&$Í\u0008\u000bbPö\u0005t]pXU\u0008\u0006E\u0002§&",
                    "id": -9
                },
                {
                    "created": "1864-05-05T00:00:01.011Z",
                    "name": null,
                    "id": 13
                },
                {
                    "created": "1864-06-08T00:00:01.011Z",
                    "name": "\u0006ï\u000f\u0002-t¬LjÊJj\u0000",
                    "id": -10
                },
                {
                    "created": "1864-04-17T00:00:01.011Z",
                    "name": "",
                    "id": -18
                },
                {
                    "created": "1864-05-10T00:00:01.011Z",
                    "name": "gol\u0005OyÓ+%;aK\u0013mZ",
                    "id": -9
                },
                {
                    "created": "1864-05-05T00:00:01.011Z",
                    "name": null,
                    "id": -8
                },
                {
                    "created": "1864-04-21T00:00:01.011Z",
                    "name": null,
                    "id": -28
                },
                {
                    "created": "1864-06-04T00:00:01.011Z",
                    "name": null,
                    "id": -30
                }
            ]
        },
        {
            "address": "pOø",
            "employees": [
                {
                    "created": "1864-05-12T00:00:01.011Z",
                    "name": "\u0006å&\u001f¯\u0005oã£",
                    "id": -3
                }
            ]
        },
        {
            "address": "\u0016 <hN¬\u001eC-9+7",
            "employees": [
                {
                    "created": "1864-05-31T00:00:01.011Z",
                    "name": "Ö",
                    "id": 29
                },
                {
                    "created": "1864-04-17T00:00:01.011Z",
                    "name": null,
                    "id": 14
                },
                {
                    "created": "1864-05-16T00:00:01.011Z",
                    "name": "ÈS!\u0008C",
                    "id": 30
                },
                {
                    "created": "1864-05-02T00:00:01.011Z",
                    "name": "'E]S%G@*Ê|",
                    "id": 17
                },
                {
                    "created": "1864-05-20T00:00:01.011Z",
                    "name": "",
                    "id": 3
                },
                {
                    "created": "1864-05-06T00:00:01.011Z",
                    "name": "Éè¡x«$s",
                    "id": 1
                },
                {
                    "created": "1864-04-26T00:00:01.011Z",
                    "name": "Ký#!g\u0012\u0014\u0011@1\u001e| *",
                    "id": 0
                },
                {
                    "created": "1864-04-10T00:00:01.011Z",
                    "name": "6ÐY<,sÏ\u0014\u0014ö\u0003\u0001OGIQmOd°6d\u0001a\u0001Kn",
                    "id": 28
                },
                {
                    "created": "1864-05-09T00:00:01.011Z",
                    "name": "Ùl\u0001\u000e´Q\u000c|¬¾çv",
                    "id": 16
                },
                {
                    "created": "1864-05-07T00:00:01.011Z",
                    "name": "/¼\u0017Rvd;=kZM¡Ã&3Ay\u0004_Õ\u0017ðTbW",
                    "id": -2
                },
                {
                    "created": "1864-05-09T00:00:01.011Z",
                    "name": ":n\u0006",
                    "id": 10
                },
                {
                    "created": "1864-05-10T00:00:01.011Z",
                    "name": "[C\u0003=uA\u0018",
                    "id": -16
                },
                {
                    "created": "1864-05-23T00:00:01.011Z",
                    "name": null,
                    "id": 20
                },
                {
                    "created": "1864-04-27T00:00:01.011Z",
                    "name": "MOGeN!~³2\u000e0\u0013rÉ.auöÛm",
                    "id": -19
                },
                {
                    "created": "1864-05-01T00:00:01.011Z",
                    "name": "\u0007:Í\u001ePp&¡J2TÑ \u0016\n\u000eró\u0005\"ÂT\"²Ö\u0017\u0013\u0011",
                    "id": 14
                },
                {
                    "created": "1864-04-26T00:00:01.011Z",
                    "name": null,
                    "id": 18
                },
                {
                    "created": "1864-06-01T00:00:01.011Z",
                    "name": null,
                    "id": -4
                },
                {
                    "created": "1864-04-23T00:00:01.011Z",
                    "name": null,
                    "id": -30
                },
                {
                    "created": "1864-05-12T00:00:01.011Z",
                    "name": null,
                    "id": -20
                },
                {
                    "created": "1864-06-03T00:00:01.011Z",
                    "name": null,
                    "id": -27
                }
            ]
        },
        {
            "address": "à7à",
            "employees": [
                {
                    "created": "1864-04-15T00:00:01.011Z",
                    "name": "nO\u0012\u0010·-BÄ\u000f¥\u0004Jz7\u001cZä\u000e<Ïü",
                    "id": -29
                },
                {
                    "created": "1864-04-20T00:00:01.011Z",
                    "name": "¿[d",
                    "id": -9
                },
                {
                    "created": "1864-04-09T00:00:01.011Z",
                    "name": "+\u0002\n,ò*:\u0005f7×\u0008.¾<1\u0004HA",
                    "id": 0
                },
                {
                    "created": "1864-05-22T00:00:01.011Z",
                    "name": "'wc\u00164( õ¿\u0011D\u001c\u000f",
                    "id": 29
                },
                {
                    "created": "1864-05-15T00:00:01.011Z",
                    "name": "-({9fn\"V\u0005²4Zf7`Y¾2T`í\u001b`såj",
                    "id": 22
                },
                {
                    "created": "1864-05-17T00:00:01.011Z",
                    "name": "¯ó\u000e@6CvG~34¤ñ",
                    "id": 21
                },
                {
                    "created": "1864-05-17T00:00:01.011Z",
                    "name": "c\t\u001b5iw6?",
                    "id": 14
                },
                {
                    "created": "1864-05-03T00:00:01.011Z",
                    "name": "ûQ÷úCá8cG",
                    "id": 8
                },
                {
                    "created": "1864-04-15T00:00:01.011Z",
                    "name": "<\nåÞF^ÝäT3\u0002!ÎzÖ 9o\u0003Ø%uR¶=\nå",
                    "id": 12
                },
                {
                    "created": "1864-06-05T00:00:01.011Z",
                    "name": null,
                    "id": 0
                },
                {
                    "created": "1864-05-05T00:00:01.011Z",
                    "name": null,
                    "id": -15
                },
                {
                    "created": "1864-05-25T00:00:01.011Z",
                    "name": "\u0005#v+)[:²j<\u00158ø!U&",
                    "id": 30
                },
                {
                    "created": "1864-04-23T00:00:01.011Z",
                    "name": "\u0012Rø",
                    "id": 21
                },
                {
                    "created": "1864-05-11T00:00:01.011Z",
                    "name": "",
                    "id": 24
                },
                {
                    "created": "1864-05-11T00:00:01.011Z",
                    "name": null,
                    "id": 9
                },
                {
                    "created": "1864-05-11T00:00:01.011Z",
                    "name": ">á}\u0005\u0001\u00155\u0014¶è\u0014Pýv9Èø\u0008a·µpD",
                    "id": 28
                },
                {
                    "created": "1864-04-17T00:00:01.011Z",
                    "name": "K¸\r>ª",
                    "id": -7
                },
                {
                    "created": "1864-06-08T00:00:01.011Z",
                    "name": "/¶\u0012I/Í2õÎâp\u0004ÎiMmÇ c®Qnqy",
                    "id": 0
                },
                {
                    "created": "1864-04-28T00:00:01.011Z",
                    "name": "\u0011",
                    "id": -20
                },
                {
                    "created": "1864-04-14T00:00:01.011Z",
                    "name": null,
                    "id": -26
                },
                {
                    "created": "1864-04-13T00:00:01.011Z",
                    "name": "\u0016\u000e@",
                    "id": 18
                },
                {
                    "created": "1864-06-02T00:00:01.011Z",
                    "name": "\u0008\u0005fºÐ#{<Û(\u0019\u001b¿|[OkOÕ(V",
                    "id": -13
                },
                {
                    "created": "1864-05-20T00:00:01.011Z",
                    "name": "DYk\r CÆL\u000b|2ßäPz°5ó^\u0015¸M-",
                    "id": 11
                },
                {
                    "created": "1864-05-31T00:00:01.011Z",
                    "name": null,
                    "id": -19
                },
                {
                    "created": "1864-04-13T00:00:01.011Z",
                    "name": "Çm5;àåz\u0015t2ö)A0\u001cû't/{*r\u0016BðL",
                    "id": 23
                },
                {
                    "created": "1864-04-22T00:00:01.011Z",
                    "name": null,
                    "id": -8
                },
                {
                    "created": "1864-04-27T00:00:01.011Z",
                    "name": "\\<æö3ø\u0015\u000cdKTáx,>R",
                    "id": -20
                }
            ]
        },
        {
            "address": "@MâFv5'm¥¹Ëä¾q\u0010cfÛ\u001b<\rP",
            "employees": [
                {
                    "created": "1864-06-04T00:00:01.011Z",
                    "name": "\u0011`FKzÆU\u0003qhã#ñQ+\u0006j&\u0013l~\u001dÇ\u0006!",
                    "id": 22
                },
                {
                    "created": "1864-04-24T00:00:01.011Z",
                    "name": null,
                    "id": -18
                },
                {
                    "created": "1864-05-17T00:00:01.011Z",
                    "name": "\u001bj­\u000c~=;^q!U7O\u0008",
                    "id": -15
                },
                {
                    "created": "1864-05-16T00:00:01.011Z",
                    "name": "ØC{\u000coT?¹",
                    "id": 15
                },
                {
                    "created": "1864-05-04T00:00:01.011Z",
                    "name": "",
                    "id": 26
                },
                {
                    "created": "1864-05-05T00:00:01.011Z",
                    "name": "Q\u0012O\u0007\u0014\u00140\u001cQdnm\u001d\u001f-?<^U",
                    "id": 25
                },
                {
                    "created": "1864-04-18T00:00:01.011Z",
                    "name": "qgLywPmrß&\u0013@\u001f6twcª\u0018j_©-j",
                    "id": -11
                },
                {
                    "created": "1864-05-11T00:00:01.011Z",
                    "name": null,
                    "id": 2
                },
                {
                    "created": "1864-04-28T00:00:01.011Z",
                    "name": null,
                    "id": -30
                },
                {
                    "created": "1864-04-26T00:00:01.011Z",
                    "name": "\u0000XhÖ_E\tTuõ@ÎJM\u000c~F¦X\u0001\u0005EtJ8N§è",
                    "id": 15
                },
                {
                    "created": "1864-05-17T00:00:01.011Z",
                    "name": null,
                    "id": -4
                }
            ]
        },
        {
            "address": "\u000f/ 1\r-.a\u0003%[i¥",
            "employees": []
        },
        {
            "address": "\u000cN^Ä\u0008\u0000ô\u0008y\u0014~\u0003K S",
            "employees": [
                {
                    "created": "1864-05-16T00:00:01.011Z",
                    "name": "DN\"\u0019bZ\u0018·\roóÿø\u0008\u0013gÉ",
                    "id": -6
                },
                {
                    "created": "1864-04-26T00:00:01.011Z",
                    "name": null,
                    "id": -7
                },
                {
                    "created": "1864-04-09T00:00:01.011Z",
                    "name": "ÍuO=Tw\tI\u000b\u0014cjÙe\u0016LJ&c3Jñ¡\u0016",
                    "id": 8
                },
                {
                    "created": "1864-05-26T00:00:01.011Z",
                    "name": "ZAu/*[\u0013Ä1½õ_øm0v-\u000c²\u0003'tx(\u0010§Õ",
                    "id": 11
                },
                {
                    "created": "1864-04-09T00:00:01.011Z",
                    "name": "1aOpÙ,òk-RÈC2H\u000c\u0016:,1o",
                    "id": 2
                },
                {
                    "created": "1864-04-28T00:00:01.011Z",
                    "name": "È9m\u0003¸ì^\u000c\u0007y9J)d)s2`s\u0018r",
                    "id": -6
                },
                {
                    "created": "1864-04-25T00:00:01.011Z",
                    "name": "9\u0008Ã7G:*\u0008½n¨oFnK\u0000¥X4",
                    "id": -10
                },
                {
                    "created": "1864-05-21T00:00:01.011Z",
                    "name": null,
                    "id": 1
                },
                {
                    "created": "1864-05-11T00:00:01.011Z",
                    "name": "\u001c]\u000cêRi>¥C7È\\Í°6giDu_5{Î\n",
                    "id": -29
                },
                {
                    "created": "1864-05-02T00:00:01.011Z",
                    "name": null,
                    "id": -6
                },
                {
                    "created": "1864-05-26T00:00:01.011Z",
                    "name": null,
                    "id": -28
                },
                {
                    "created": "1864-05-20T00:00:01.011Z",
                    "name": "é\u0018Â)",
                    "id": -19
                },
                {
                    "created": "1864-04-15T00:00:01.011Z",
                    "name": "2Xt~²þ\"xJ\u0012\u000eÄ\u0011eëfÍ\u001a*",
                    "id": -8
                },
                {
                    "created": "1864-05-05T00:00:01.011Z",
                    "name": "-!5a\u000b8d[\u0019z(4':Ñ[\u001aC¦!}",
                    "id": -5
                },
                {
                    "created": "1864-04-25T00:00:01.011Z",
                    "name": "ÙÀUT^Ueñg",
                    "id": -27
                },
                {
                    "created": "1864-04-20T00:00:01.011Z",
                    "name": null,
                    "id": -4
                },
                {
                    "created": "1864-04-24T00:00:01.011Z",
                    "name": null,
                    "id": 27
                },
                {
                    "created": "1864-04-27T00:00:01.011Z",
                    "name": null,
                    "id": -22
                },
                {
                    "created": "1864-04-15T00:00:01.011Z",
                    "name": "ö{(áK{,1\u0000u¨Mß`\ná3]|xC",
                    "id": -27
                },
                {
                    "created": "1864-04-26T00:00:01.011Z",
                    "name": "q%g×H¦nð\u001f\u0000O\\À\u0004o2N3}\u0002(b@r\u0019\u0006",
                    "id": -9
                },
                {
                    "created": "1864-05-16T00:00:01.011Z",
                    "name": null,
                    "id": -20
                },
                {
                    "created": "1864-06-04T00:00:01.011Z",
                    "name": null,
                    "id": 5
                },
                {
                    "created": "1864-05-25T00:00:01.011Z",
                    "name": "ö#{\u0005eB¹\u0015||\u0010Ùj\u0004",
                    "id": -26
                },
                {
                    "created": "1864-05-11T00:00:01.011Z",
                    "name": "d}\"d\u0011S-\u0010·ýãVvªÒB",
                    "id": -8
                },
                {
                    "created": "1864-04-13T00:00:01.011Z",
                    "name": "\u001dqD°æ\u0017\u0011\u0007Oz;ö\u001em®¨\u0017\u000cI|\u0006$«!",
                    "id": 14
                }
            ]
        }
    ]
}