{
    "seed": -8908404459784194825,
    "samples": [
        {
            "wpa": -10
        },
        {
            "wpa": -20
        },
        {
            "wpa": 1
        },
        {
            "wpa": 12
        },
        {
            "wpa": 14
        },
        {
            "wpa": -22
        },
        {
            "wpa": -30
        },
        {
            "wpa": -2
        },
        {
            "wpa": 22
        },
        {
            "wpa": 6
        }
    ]
}