{
    "seed": 1425172612816281061,
    "samples": [
        [
            "\u0011+fn$\u0000)\"^\u0008{VæCO\u0001t2y;>)¦\u0013",
            [
                9,
                24
            ]
        ],
        [
            "\u0004p\u0012v\n=EGø\u000c)wy\u000b7~ \u0012\u0002",
            [
                -12,
                1
            ]
        ],
        [
            "\\mcz6aT8Xë\u0013",
            [
                26,
                26
            ]
        ],
        [
            "½\u0016y6{ü\u001d\u0011]8\u000fme©G°Å\u000c{Ä\u000b0Ük$\u0019M5",
            [
                -11,
                27
            ]
        ],
        [
            "F6jËÌ\niÚ¼ÑH\u0013åyy",
            [
                14,
                27
            ]
        ],
        [
            "VJHa\u0004W\u000br92w~åZ\u0006#",
            [
                3,
                15
            ]
        ],
        [
            "Ýt<A\u0008;W¦&)/_\u0015.+{õ\u0016If\u0004UZE",
            [
                -15,
                2
            ]
        ],
        [
            "ßz\u0010\tSº\u001dZ4W%",
            [
                22,
                -15
            ]
        ],
        [
            "\u0003\\\u0002ú\u0016c\u001eYl(\u0002\u0003",
            [
                -3,
                -25
            ]
        ],
        [
            "NH\u0007ÚE1FQepÈ)?À\u001b\u0017òJ3?\u00033",
            [
                22,
                -25
            ]
        ]
    ]
}