{
  "name": "ocaml-export-spec",
  "private": true,
  "version": "0.0.0",
  "description": "",
  "main": "index.js",
  "scripts": {
    "build": "bsb -make-world",
    "start": "bsb -make-world -w",
    "clean": "bsb -clean-world",
    "test": "npm run build && jest"
  },
  "keywords": [],
  "author": "",
  "license": "MIT",
  "dependencies": {
    "bs-aeson": "github:plow-technologies/bs-aeson#8eed965c4841c5788ebf40a22c7df3aafcaa5749"
  },
  "devDependencies": {
    "bs-aeson-spec": "^2.0.0",
    "bs-platform": "^3.1.3",
    "@glennsl/bs-jest": "^0.4.2",
    "bs-node": "github:buckletypes/bs-node"
  }
}
