{"id" : 0, "name" : "James", "created" : "2017-11-07T04:05:09.518Z"}
