{
    "seed": 6393347502608975693,
    "samples": [
        {
            "ww": {
                "wpa": "{¤\u000bùvd2O±D#MB9FWÌl c"
            }
        },
        {
            "ww": {
                "wpa": ":+\u001e\u00146\u0017Nk5är\u0001m¿\u0005öw×"
            }
        },
        {
            "ww": {
                "wpa": "c4"
            }
        },
        {
            "ww": {
                "wpa": "k\u0003\u0005>:×t#dê]\u0019\u000fsB\u001dk"
            }
        },
        {
            "ww": {
                "wpa": "gfe.Ó>\t/E\u0008m:gP¼7zV"
            }
        },
        {
            "ww": {
                "wpa": "OùCKb|o0\u001bû\\0\u0013@\u0000[$?E\u0005O^©?"
            }
        },
        {
            "ww": {
                "wpa": "pÕ-661Â\u0014\u0018Þ/ozÔ:;Éz\u001b5¾"
            }
        },
        {
            "ww": {
                "wpa": null
            }
        },
        {
            "ww": {
                "wpa": "`\u0018a\"¸zz\u0007ôDX\u0014\u0002ZL\u001c+å!\u0012"
            }
        },
        {
            "ww": {
                "wpa": "Õ\u000e5}[ã"
            }
        }
    ]
}