{
    "seed": 2109447691437760830,
    "samples": [
        {
            "partiallyFilled": {
                "wp2a": 23.474998,
                "wp2cb": [
                    -23.608422991805384,
                    -26
                ],
                "wp2ab": [
                    140.85757,
                    -28
                ],
                "wp2b": 24
            },
            "bar2": [
                19,
                1,
                -25,
                29,
                24,
                25,
                -10,
                27,
                21,
                -9,
                -9,
                23,
                -7,
                -14,
                22,
                -9,
                -7,
                -18,
                28,
                -30,
                5,
                21
            ],
            "bar": "=4~\u001f\u0012\u0004K\"#\"ny»ªÖQ\u001aI"
        },
        {
            "partiallyFilled": {
                "wp2a": 53.750603,
                "wp2cb": [
                    -15.323886735331604,
                    29
                ],
                "wp2ab": [
                    146.91148,
                    11
                ],
                "wp2b": 27
            },
            "bar2": [
                -27,
                -6,
                -25,
                2,
                7,
                -8,
                -14,
                -20,
                11,
                2,
                -10,
                -3,
                10,
                8,
                -22,
                27,
                12,
                -8,
                2,
                21,
                21,
                -2,
                -5,
                16
            ],
            "bar": "/M\u0007\u0014&Z.MBC\u0006¾\u0006%f@@­8Dû\u000fhc1"
        },
        {
            "partiallyFilled": {
                "wp2a": 29.64346,
                "wp2cb": [
                    29.29775280810295,
                    -21
                ],
                "wp2ab": [
                    -36.867798,
                    2
                ],
                "wp2b": -5
            },
            "bar2": [
                22,
                0,
                21,
                15,
                -11,
                25,
                -22,
                -21,
                2,
                -9,
                -10,
                5,
                6
            ],
            "bar": " \u000c7="
        },
        {
            "partiallyFilled": {
                "wp2a": 57.853806,
                "wp2cb": [
                    1.3228797181095309,
                    -8
                ],
                "wp2ab": [
                    -4.2266607,
                    14
                ],
                "wp2b": 7
            },
            "bar2": [
                4,
                -24,
                -4,
                -3,
                -26,
                -14
            ],
            "bar": "i\u0010\u000cGrvý÷+¤/jMð¯?\u001c³y"
        },
        {
            "partiallyFilled": {
                "wp2a": 3.4674847,
                "wp2cb": [
                    29.716573964550648,
                    21
                ],
                "wp2ab": [
                    -44.365788,
                    -25
                ],
                "wp2b": 7
            },
            "bar2": [
                10,
                16,
                25,
                22,
                8,
                20,
                -21,
                4,
                15,
                -4,
                -30,
                26,
                -14,
                -26,
                -14,
                -3,
                -24,
                -24,
                21,
                -24,
                -2,
                14,
                22,
                -7,
                3,
                7
            ],
            "bar": "1"
        },
        {
            "partiallyFilled": {
                "wp2a": 41.936928,
                "wp2cb": [
                    27.55874688544483,
                    -16
                ],
                "wp2ab": [
                    -42.4251,
                    -8
                ],
                "wp2b": -25
            },
            "bar2": [
                -2,
                11,
                29,
                28,
                -15
            ],
            "bar": "GcD0]ÿ\u0007p"
        },
        {
            "partiallyFilled": {
                "wp2a": -14.990213,
                "wp2cb": [
                    0.5663576004639946,
                    29
                ],
                "wp2ab": [
                    -13.121557,
                    -24
                ],
                "wp2b": -28
            },
            "bar2": [
                -19,
                -28,
                19,
                -20,
                26,
                -13,
                -30,
                -25,
                -13,
                -1,
                4,
                20,
                -24,
                -17,
                -21,
                -24,
                -14,
                16,
                -22,
                22,
                -10,
                28,
                -24,
                -6,
                -21,
                4,
                17,
                6
            ],
            "bar": "2/GgRj\u0005"
        },
        {
            "partiallyFilled": {
                "wp2a": -24.355768,
                "wp2cb": [
                    1.9117813456212327,
                    22
                ],
                "wp2ab": [
                    -41.662834,
                    29
                ],
                "wp2b": -2
            },
            "bar2": [
                -10,
                -3,
                -30,
                3,
                6,
                -15,
                -26,
                3,
                -13,
                -3,
                -16,
                -17,
                -6,
                12,
                28,
                14,
                -6,
                -21,
                24,
                12,
                -23,
                3,
                -5,
                18,
                -25,
                -4
            ],
            "bar": "](À\u00033a1%+"
        },
        {
            "partiallyFilled": {
                "wp2a": 2.5120668,
                "wp2cb": [
                    5.971334514265779,
                    -30
                ],
                "wp2ab": [
                    20.679625,
                    -26
                ],
                "wp2b": -10
            },
            "bar2": [
                12,
                7,
                -19,
                8,
                23,
                14,
                3,
                -4,
                -17,
                -20,
                4,
                17,
                -23,
                -4,
                -25,
                11,
                28,
                -22,
                -23
            ],
            "bar": "ï `\u0006¸Ù\u0002p<;<\u0013"
        },
        {
            "partiallyFilled": {
                "wp2a": 6.3256702,
                "wp2cb": [
                    21.928998053435155,
                    -19
                ],
                "wp2ab": [
                    37.16824,
                    6
                ],
                "wp2b": -13
            },
            "bar2": [
                -18,
                7,
                17,
                14,
                5,
                11,
                21,
                26,
                -18,
                21,
                14,
                -30,
                -11,
                21,
                -2,
                -13,
                -28,
                8,
                5,
                28,
                -22,
                3,
                21,
                -11,
                9,
                19,
                16,
                22
            ],
            "bar": ""
        }
    ]
}