{
    "seed": 1876502099469772896,
    "samples": [
        "Diamonds",
        "Diamonds",
        "Diamonds",
        "Diamonds",
        "Diamonds",
        "Diamonds",
        "Diamonds",
        "Diamonds",
        "Diamonds",
        "Diamonds"
    ]
}