{
    "seed": -1067230946504757809,
    "samples": [
        {
            "address": "GsÀ&|é",
            "employees": [
                {
                    "created": "1969-12-31T23:59:46Z",
                    "name": "\u001e\t\u0017mX¼\u001ccý=kDb¾u",
                    "id": -23
                },
                {
                    "created": "1970-01-01T00:00:19Z",
                    "name": "&cTë'\u0000C×.Èo:]$0öÝ/\u0007\":UB5\\\u001f\u001f\u0019:",
                    "id": -15
                },
                {
                    "created": "1970-01-01T00:00:05Z",
                    "name": null,
                    "id": -18
                },
                {
                    "created": "1969-12-31T23:59:56Z",
                    "name": "YdC`#Y",
                    "id": -1
                },
                {
                    "created": "1970-01-01T00:00:12Z",
                    "name": null,
                    "id": -6
                },
                {
                    "created": "1969-12-31T23:59:52Z",
                    "name": null,
                    "id": 17
                }
            ]
        },
        {
            "address": "li6a\u0008y2r",
            "employees": [
                {
                    "created": "1969-12-31T23:59:32Z",
                    "name": "w#G\u0013\u0019*t?@&h\u0011mr¿a\u000cJ+zmB",
                    "id": -11
                },
                {
                    "created": "1970-01-01T00:00:21Z",
                    "name": null,
                    "id": 21
                },
                {
                    "created": "1970-01-01T00:00:21Z",
                    "name": null,
                    "id": 6
                },
                {
                    "created": "1969-12-31T23:59:53Z",
                    "name": null,
                    "id": 29
                },
                {
                    "created": "1969-12-31T23:59:36Z",
                    "name": "\u0005V\u000b!$\u0017}°G\u0016oJ|m\u0003S_u\u0005\u000cY)6x\u0016",
                    "id": -11
                },
                {
                    "created": "1970-01-01T00:00:12Z",
                    "name": null,
                    "id": -11
                },
                {
                    "created": "1970-01-01T00:00:09Z",
                    "name": "\u0010`­;0v%\u0006\u0001",
                    "id": 3
                },
                {
                    "created": "1970-01-01T00:00:12Z",
                    "name": "Q\u0012ôÊPvW<\u001f2âk\t",
                    "id": -10
                },
                {
                    "created": "1969-12-31T23:59:46Z",
                    "name": null,
                    "id": -22
                },
                {
                    "created": "1969-12-31T23:59:47Z",
                    "name": "\u001dÈOTgnVØYE\u0011\\¸.æÆ*p",
                    "id": 28
                },
                {
                    "created": "1969-12-31T23:59:41Z",
                    "name": "\u000cßpn\u0007¶",
                    "id": -13
                },
                {
                    "created": "1970-01-01T00:00:20Z",
                    "name": "-2,|T\r³<nF\\`\u000eyp\"C",
                    "id": -22
                },
                {
                    "created": "1969-12-31T23:59:50Z",
                    "name": "2\u00114½Ö$­Ïz°\u0014\u0004\u001cWÂäWtnRu",
                    "id": -29
                },
                {
                    "created": "1970-01-01T00:00:14Z",
                    "name": "\n9\u001fh2jÀ2#UQ¡U¥Ó0/",
                    "id": 8
                },
                {
                    "created": "1969-12-31T23:59:50Z",
                    "name": "\"zËAW$",
                    "id": 13
                },
                {
                    "created": "1969-12-31T23:59:31Z",
                    "name": "",
                    "id": 22
                },
                {
                    "created": "1969-12-31T23:59:56Z",
                    "name": "dN\u0018O1oq1/KT 2%àÆ",
                    "id": -4
                },
                {
                    "created": "1970-01-01T00:00:06Z",
                    "name": "ú`\u000f",
                    "id": -7
                }
            ]
        }
    ]
}