{
    "seed": 969034457750469491,
    "samples": [
        {
            "created": "1970-01-01T00:00:03Z",
            "name": null,
            "id": 21
        },
        {
            "created": "1970-01-01T00:00:07Z",
            "name": "ß\u0010^J6Y\u001dY\u000c÷)x¾>.ÂBt",
            "id": 30
        }
    ]
}