{
    "seed": 3103576022710004093,
    "samples": [
        [
            "CJy³xl",
            -22
        ],
        [
            ":_\rü]2EPH\\Bß1,Á8Z~<Vr",
            -13
        ],
        [
            "7)&\u0004¾M×Âõ",
            -15
        ],
        [
            "\u0018ùBp·JIÜG#v\u0015Ffs\u000erÞ6a\u0004",
            11
        ],
        [
            "A\u000f\u001f\u0019&m3&\">­7\u0004·",
            10
        ],
        [
            "·\u0005\u0002G\u0013)³\"z\u0015\u001awn",
            -8
        ],
        [
            "ç\u0008FLì",
            16
        ],
        [
            "¶StK}n\u0008s]Á\u0019\u000b Ò+Ñ\u001cd¿â",
            -4
        ],
        [
            "RPKHcñ³\u0000í",
            18
        ],
        [
            "{`})íÞ\u0014~hj'",
            4
        ]
    ]
}