{
    "seed": -964643461639244560,
    "samples": [
        {
            "tag": "A1",
            "a1": -10
        },
        {
            "tag": "A1",
            "a1": -13
        },
        {
            "tag": "A1",
            "a1": 14
        },
        {
            "tag": "A1",
            "a1": 25
        },
        {
            "tag": "A1",
            "a1": 4
        },
        {
            "tag": "A1",
            "a1": -18
        },
        {
            "tag": "A1",
            "a1": -8
        },
        {
            "tag": "A1",
            "a1": 8
        },
        {
            "tag": "A1",
            "a1": -23
        },
        {
            "tag": "A1",
            "a1": -27
        }
    ]
}