{
    "seed": 3731922109012887365,
    "samples": [
        [
            17,
            -23
        ],
        [
            5,
            -3
        ],
        [
            16,
            0
        ],
        [
            -11,
            1
        ],
        [
            -17,
            26
        ],
        [
            17,
            16
        ],
        [
            -1,
            12
        ],
        [
            1,
            -3
        ],
        [
            10,
            -23
        ],
        [
            8,
            -28
        ]
    ]
}