{
    "seed": -23528167967323917,
    "samples": [
        {
            "sl": {
                "wp2a": 22,
                "wp2b": -18
            },
            "zed": "DtQÜ\u0005ß\u0003GS=e\u001e\u001c8ø\u0008\u000c]3\u000f«P\u000eSþòCî"
        },
        {
            "sl": {
                "wp2a": 18,
                "wp2b": -22
            },
            "zed": "{oh.\u0011gJÓzÔã<\u0013?lUwòà×\u0001û"
        },
        {
            "sl": {
                "wp2a": -30,
                "wp2b": -24
            },
            "zed": "¹[\u0004lkBý\u0018r¹"
        },
        {
            "sl": {
                "wp2a": -8,
                "wp2b": -27
            },
            "zed": "/@\u0000D5ARæR7\u0013\u0004\u0019\u0007\u000fÓÚq\u0010i\u001di"
        },
        {
            "sl": {
                "wp2a": 28,
                "wp2b": -20
            },
            "zed": "9+\u000e_K$,OJÌgh\u00198Ì/\u0015a9Ò» x£\u00189\u0014r"
        },
        {
            "sl": {
                "wp2a": 17,
                "wp2b": 27
            },
            "zed": "\u0016>ùÓAv31}'.{!:Wd\u0005-§V\u0006\u0018É"
        },
        {
            "sl": {
                "wp2a": 10,
                "wp2b": 16
            },
            "zed": "'Õ~E4"
        },
        {
            "sl": {
                "wp2a": 18,
                "wp2b": 26
            },
            "zed": "vZnÄ|T\u0019Ó\u0019\u0017kÅ*Ê\u0011Ö¼4&z2Î"
        },
        {
            "sl": {
                "wp2a": -16,
                "wp2b": 11
            },
            "zed": "G¿¤B\u0006º'\u001fÁ|;k\u000eU\u000e5"
        },
        {
            "sl": {
                "wp2a": 10,
                "wp2b": -13
            },
            "zed": "P\u00030p3\u0001Z\u0010^b;r$\u0016'ßJp\u001a"
        }
    ]
}