{
    "seed": -4346548942914310868,
    "samples": [
        4,
        -25,
        5,
        -17,
        -1,
        18,
        -6,
        23,
        -17,
        -26
    ]
}