{
    "seed": -5669651817978739010,
    "samples": [
        "On",
        "On",
        "On",
        "On",
        "On",
        "On",
        "On",
        "On",
        "On",
        "On"
    ]
}