{
    "seed": -7517556976229450034,
    "samples": [
        {
            "tag": "HasNothing"
        },
        {
            "tag": "HasNothing"
        },
        {
            "tag": "HasNothing"
        },
        {
            "tag": "HasNothing"
        },
        {
            "tag": "HasNothing"
        },
        {
            "tag": "HasNothing"
        },
        {
            "tag": "HasNothing"
        },
        {
            "tag": "HasNothing"
        },
        {
            "tag": "HasNothing"
        },
        {
            "tag": "HasNothing"
        }
    ]
}