{
    "seed": -1034028676470203660,
    "samples": [
        {
            "tag": "A1",
            "a1": -29
        },
        {
            "tag": "A1",
            "a1": -12
        },
        {
            "tag": "A1",
            "a1": -26
        },
        {
            "tag": "A1",
            "a1": -5
        },
        {
            "tag": "A1",
            "a1": -17
        },
        {
            "tag": "A1",
            "a1": -17
        },
        {
            "tag": "A1",
            "a1": -30
        },
        {
            "tag": "A1",
            "a1": -1
        },
        {
            "tag": "A1",
            "a1": -18
        },
        {
            "tag": "A1",
            "a1": 8
        }
    ]
}