{ "dirs" : [ "__tests__/file" , "__tests__/sum" , "__tests__/product" , "file" , "sum" , "product" ] , "generated" : [] }