{
    "seed": -3460743836191451419,
    "samples": [
        {
            "ew": {
                "wpa": {
                    "Right": -12.413585643688497
                }
            }
        },
        {
            "ew": {
                "wpa": {
                    "Right": -14.961549684281188
                }
            }
        },
        {
            "ew": {
                "wpa": {
                    "Left": 19
                }
            }
        },
        {
            "ew": {
                "wpa": {
                    "Right": -181.80462499555927
                }
            }
        },
        {
            "ew": {
                "wpa": {
                    "Right": 19.11136304874505
                }
            }
        },
        {
            "ew": {
                "wpa": {
                    "Left": 14
                }
            }
        },
        {
            "ew": {
                "wpa": {
                    "Left": 27
                }
            }
        },
        {
            "ew": {
                "wpa": {
                    "Right": 3.8877572537736302
                }
            }
        },
        {
            "ew": {
                "wpa": {
                    "Left": 0
                }
            }
        },
        {
            "ew": {
                "wpa": {
                    "Right": -11.018936377199028
                }
            }
        }
    ]
}