{
    "seed": 2459039228959819015,
    "samples": [
        {
            "taxId": "Éäk&Z\u0013\u000cFH\u0012ÀbB~\u0018hG_",
            "owner": {
                "name": null,
                "id": -2
            },
            "companyVehicle": {
                "year": 21,
                "model": "%2ko*E\u0018G\u0006\u0010<",
                "make": "+ôärØèS`\u000c¸;3j\u001d+«_ÔaQÆ?â"
            },
            "employees": [
                {
                    "name": "]js\u0010 (¯i\u0000^ë®1sTB",
                    "id": -2
                },
                {
                    "name": "\u001bL!s»\u001bp\u0011\u001bð.",
                    "id": 27
                },
                {
                    "name": "",
                    "id": -5
                },
                {
                    "name": "YCÆ",
                    "id": -30
                },
                {
                    "name": "g\u0016^sgæîý\u001eYµÌ\u001a",
                    "id": -3
                },
                {
                    "name": null,
                    "id": 4
                }
            ]
        },
        {
            "taxId": " 6eI\\;\u001fÅ\u0017D¸\u0002÷ì`0",
            "owner": {
                "name": "=\u001bnsOP`tK2S$}v¼R4;a\u001f^aÇ\rmb",
                "id": -2
            },
            "companyVehicle": {
                "year": 1,
                "model": "Òù[È\u001bÌq!!ÉBÈ\\UX\\Ì\n\u001b}fÃÒ~\u0010~Ç",
                "make": "ßá\u0004\u000b"
            },
            "employees": [
                {
                    "name": "JúßkX8\u0010@\u0018¶",
                    "id": 17
                },
                {
                    "name": "N&wmd{åm\u0008olÏFÊ}?Q\u00050Å\u000f\u001a©¼8",
                    "id": 20
                },
                {
                    "name": "B'à",
                    "id": -5
                },
                {
                    "name": "k",
                    "id": 6
                },
                {
                    "name": "R",
                    "id": 9
                },
                {
                    "name": null,
                    "id": 24
                },
                {
                    "name": "]G÷Ri¢°Á3!Â",
                    "id": -13
                },
                {
                    "name": null,
                    "id": -9
                },
                {
                    "name": "gIÝà}½ð\u0008tCx\u0014\u000f\u0012î8\u0001W÷ã)u&\u0010",
                    "id": -22
                },
                {
                    "name": "R\u0012\u0011\u0019\u0006\u0010ÒFa.OP@±wb\u000bs§CûWì\u0001\u0002",
                    "id": -23
                },
                {
                    "name": null,
                    "id": 28
                },
                {
                    "name": "5\u0000ö~\u0017N\u0007\u0016\u0007q\u0011IsHÓ\u0008\u000c¨",
                    "id": -26
                },
                {
                    "name": null,
                    "id": 2
                },
                {
                    "name": "]\u0016¸$)A!¸±f«",
                    "id": 6
                },
                {
                    "name": "böcr8³\u0008`p¨\u001cW\u001cáÔtgîën\u0018",
                    "id": 17
                },
                {
                    "name": "R¹s~!)ÿÕw,®",
                    "id": -16
                },
                {
                    "name": "XA»so#",
                    "id": 22
                },
                {
                    "name": "K½²Tå#\u0012\t6uT\u0016kq:'*|",
                    "id": 26
                },
                {
                    "name": null,
                    "id": 17
                },
                {
                    "name": null,
                    "id": -15
                },
                {
                    "name": "ÆRA4\u0010?",
                    "id": 30
                },
                {
                    "name": "_0\u000fM{ÎS",
                    "id": -10
                },
                {
                    "name": null,
                    "id": -12
                },
                {
                    "name": "]cn",
                    "id": -20
                },
                {
                    "name": "#U)A«z\u0012MJn?Aiqj}²<\u0001©R(Ëç·",
                    "id": 20
                }
            ]
        },
        {
            "taxId": "d86{U0DLpc*(",
            "owner": {
                "name": "\u0011\u0018z8¤ )ðm9ß\u0013¹_{\u0014\u0015Ðñ\u001cë ý\u0018\u0012M",
                "id": 16
            },
            "companyVehicle": {
                "year": -4,
                "model": "\u00195ÄiÚñÃsPìE?Ê&",
                "make": "xi"
            },
            "employees": [
                {
                    "name": "\u0007#/)\u001d\u000c\u001bZ",
                    "id": 28
                },
                {
                    "name": "?\u0017·?Äñ¥\u001cU\u0016=j\rD0i!<",
                    "id": 29
                },
                {
                    "name": "ghûØ\u001dZp\u001dRZ",
                    "id": 26
                },
                {
                    "name": "ªgX¨ag\u001fYg\\7XcQ\u001b\nÒf¸O\u0018v\u0008",
                    "id": -14
                },
                {
                    "name": null,
                    "id": 2
                },
                {
                    "name": "\u001e\u00193 T\u0018\u001a\u000e<Y\u0008\u000f",
                    "id": -12
                },
                {
                    "name": "\u0014",
                    "id": 13
                },
                {
                    "name": "OGv\u0014°ÚÈ\u000eK!I\u0010\u0018XU\u0017À8",
                    "id": 22
                },
                {
                    "name": "åçp@|\u000b\u0015H[}\u000f'V)õS",
                    "id": -18
                },
                {
                    "name": "?\u0006w[\u0018Bs=",
                    "id": 10
                },
                {
                    "name": "¡\u0001",
                    "id": 28
                },
                {
                    "name": "\u0001O\u0003\u0003D0'j\u000e\\=es",
                    "id": 5
                },
                {
                    "name": "KK´Cp.#\u0001O\u001f0\u0002#\u0011M¯",
                    "id": 23
                },
                {
                    "name": null,
                    "id": -18
                },
                {
                    "name": "^J_Z\u0019Q\u0018+å/=Cc\u001e{g\u0018-\u000bJK\u001dLJt[0\u0015",
                    "id": 5
                },
                {
                    "name": "iiÌ&h­¡ÒC)25+RL",
                    "id": -12
                },
                {
                    "name": null,
                    "id": -10
                },
                {
                    "name": "\u001dq¥>",
                    "id": 8
                },
                {
                    "name": "Z\u0005\u00185ß6x×c'ò$\u0010}h$\u001f .Nîë",
                    "id": 29
                }
            ]
        },
        {
            "taxId": "v¡¦®-\u0008.b\u0008KPØ \u0019\\ª%:Fv0-N02y\u0016T>",
            "owner": {
                "name": ".PB¬s{qïV",
                "id": -21
            },
            "companyVehicle": null,
            "employees": [
                {
                    "name": "*PDMT\tùhkÖ|\u0019",
                    "id": -27
                },
                {
                    "name": "\u0018ÃF;CYÊZ\\,\u0013mY-äkL@y\u0000U\u0002Y",
                    "id": -6
                },
                {
                    "name": "/Aú0v8\u0013x}n#Í`W=@\r\u0014©OÎ){ý",
                    "id": -19
                },
                {
                    "name": "+\u0005&Q\u000cié6\u0001°o",
                    "id": 19
                },
                {
                    "name": "\u000fl\u000c\u001aP]$\"ÛyãahûJý¥Fm0",
                    "id": -22
                },
                {
                    "name": null,
                    "id": 29
                },
                {
                    "name": "\u001aðd:",
                    "id": -12
                },
                {
                    "name": "h­ã§6\u000cJjß\u001cr\u0012p¤\u0012)",
                    "id": -18
                },
                {
                    "name": "g¾~ÝjøEÕD\r\u000c\u000f",
                    "id": 23
                },
                {
                    "name": null,
                    "id": 24
                },
                {
                    "name": "$\\\u0003RI\u00127E;C?®rCe",
                    "id": 20
                },
                {
                    "name": null,
                    "id": 6
                },
                {
                    "name": "¯_\u001dúEo\u0003*C ",
                    "id": -25
                },
                {
                    "name": "\tqàU\u00123¯jf\n9¸$\u0010¥g>½B/²\u0005ò\u0017m\"\u0012",
                    "id": 1
                },
                {
                    "name": "C\u001e\rã\u0017\u0007zK\r:e8¹$\u0005\u0001ybm<\réc\u0018\u000c",
                    "id": 28
                },
                {
                    "name": "\u001aa&òvS{B\u0010ÁªÝMòk<",
                    "id": 30
                },
                {
                    "name": "j­gW",
                    "id": -20
                },
                {
                    "name": null,
                    "id": 15
                },
                {
                    "name": "k\u0015øf#MXyÎ¯B",
                    "id": 29
                },
                {
                    "name": "¨l2|-",
                    "id": 27
                },
                {
                    "name": "\u0018Â^V/y\u0013R571l_ÀÀu4",
                    "id": 8
                },
                {
                    "name": "Ï¯wR",
                    "id": 16
                },
                {
                    "name": null,
                    "id": 19
                }
            ]
        },
        {
            "taxId": "\u0001W¼\u001dD}#4²thUP63{",
            "owner": {
                "name": null,
                "id": 10
            },
            "companyVehicle": {
                "year": 16,
                "model": "Ó;8x!\u0014À\u001agÙGU\u0001¢N\u0001=õ\u001e=O\u0011}fÊ8z",
                "make": "/>wÍbÜ]RZq\u0015+\u0003+d¸Q\t_(X\u001a"
            },
            "employees": [
                {
                    "name": "2}ß\u0015#k\t\u001cØrSg?\u0005×5&~\u0019hù\u000f\u001f¼{o\u001c",
                    "id": -19
                },
                {
                    "name": "qX\u0011z6\u0016",
                    "id": -19
                },
                {
                    "name": "!g\u0000£¨bqng~e",
                    "id": -6
                },
                {
                    "name": "\\",
                    "id": 6
                },
                {
                    "name": "3x k^\u0012Í",
                    "id": -15
                },
                {
                    "name": null,
                    "id": -9
                },
                {
                    "name": "`\u0005p\u001f",
                    "id": -20
                },
                {
                    "name": "b+H\u0003_­DRøYY",
                    "id": 12
                },
                {
                    "name": "",
                    "id": 25
                },
                {
                    "name": "X",
                    "id": 22
                },
                {
                    "name": null,
                    "id": 1
                },
                {
                    "name": "äq¥IÝñy",
                    "id": -23
                },
                {
                    "name": "FÊù#\u0016\u00059Ü.R\"I\u0012T`#\u0007QHLÏ\u00152",
                    "id": 25
                },
                {
                    "name": null,
                    "id": 14
                },
                {
                    "name": null,
                    "id": 2
                },
                {
                    "name": "4¾ÀiI<[¬Or0i+U\"\u001dx&\u0013ÈJr",
                    "id": -23
                },
                {
                    "name": "sH(üZ\u001bª]\u0007#\u0000½?E\u001e\t",
                    "id": 29
                },
                {
                    "name": null,
                    "id": -17
                },
                {
                    "name": "ù\r#¾",
                    "id": 0
                },
                {
                    "name": "Z\u0017JX\u0002zíKÒî\u0006\u0008vyD6",
                    "id": -16
                },
                {
                    "name": "Q\u001fV<u!Q(ü\u0008\u0000A]FV",
                    "id": 2
                },
                {
                    "name": "wï!ÏAÑ\u0000",
                    "id": 12
                },
                {
                    "name": "\u0000%iä",
                    "id": 7
                },
                {
                    "name": "·v\u0007",
                    "id": 11
                },
                {
                    "name": "L]",
                    "id": -20
                },
                {
                    "name": null,
                    "id": -21
                },
                {
                    "name": "NæéY0Yuy(\u0011o\u0016~j>i7³Y@#áá9'z-",
                    "id": -3
                },
                {
                    "name": null,
                    "id": 15
                }
            ]
        },
        {
            "taxId": "|",
            "owner": {
                "name": null,
                "id": 0
            },
            "companyVehicle": {
                "year": 19,
                "model": "£Y»DwíU\u0004TG",
                "make": "R\u0010rÔ\u001aFf_sVSâý\u000cÚ.\u000b\u0015\u0005gRJ%G"
            },
            "employees": [
                {
                    "name": "8.d",
                    "id": 21
                },
                {
                    "name": "ìKb6Ü©Bídk\t2\u0006ï^U{gNq6D\u000e«;2\u000b",
                    "id": -12
                },
                {
                    "name": "xozxaL¨xcÌïa\u0000&\u0016$TY",
                    "id": 25
                }
            ]
        },
        {
            "taxId": "\u0001M8;Ë¨SJ\"@\u0010\u001aðZ\u0015\u0015h\u0017·\u0003Þ",
            "owner": {
                "name": "Ì\u0000YèÐzU1#*Ø+1u®",
                "id": 0
            },
            "companyVehicle": {
                "year": 25,
                "model": "ª3ó\u0011\u0006^Ê-m9",
                "make": "\u000c\u0001mf\u0011\n\u0010r:\u000cvÔ\u0016\u0006u+E;A"
            },
            "employees": [
                {
                    "name": "AÝ8\u000c²",
                    "id": 30
                },
                {
                    "name": null,
                    "id": -1
                },
                {
                    "name": null,
                    "id": 21
                },
                {
                    "name": "Î)g",
                    "id": -20
                },
                {
                    "name": "ê¡Ä=w1?_rYøA\u0011\u00104\u001a\u0016.\u00002/\u0003ü}Rk\u0012õ\u0008",
                    "id": 2
                },
                {
                    "name": "\"",
                    "id": 10
                },
                {
                    "name": ">",
                    "id": -7
                },
                {
                    "name": "òG g2\u000fmU^\u0013Þ",
                    "id": -29
                },
                {
                    "name": "]\u0005D\u0003s\u0017TY~",
                    "id": -9
                },
                {
                    "name": "\u0019Q\u001cÔK\u0002b[\u0012\u0012\u0014\u0003\u0004\n³9Ð¦J_ê9\":",
                    "id": -16
                },
                {
                    "name": "µ",
                    "id": -18
                },
                {
                    "name": null,
                    "id": -5
                },
                {
                    "name": "(kÁ\u0013Z\u0015/\\¯äf/p',6«\u0011-§,çE\u000c8<",
                    "id": 3
                },
                {
                    "name": null,
                    "id": -13
                },
                {
                    "name": "v",
                    "id": 26
                },
                {
                    "name": "",
                    "id": 7
                },
                {
                    "name": "]m­-]\u0007ÔrCd@\u0012Ú¢n\n&Ê\u0003w!Å\u0018",
                    "id": -4
                }
            ]
        },
        {
            "taxId": "A\u0013Mg\"âC\u0001[l",
            "owner": {
                "name": "\u0001laÄÇ\u0003.1HS<cq\u0000EX\u001b.3n¿",
                "id": -23
            },
            "companyVehicle": {
                "year": 3,
                "model": "\u001dR\u000e~\u0006ä<'Õ+ rÏÜÂB\u00058;é\u0000EYì\u001f¾Î^¦",
                "make": "P@NJ\u0018:\u0006\u001eñk\n\u001e$9\u001d"
            },
            "employees": [
                {
                    "name": "{ub\tM,\u000f\u0008XD\u000eLOJB\u001eA?1Î\u001eP",
                    "id": 9
                },
                {
                    "name": null,
                    "id": 2
                },
                {
                    "name": "+ºzØg\u0008\tA\u000f",
                    "id": -29
                },
                {
                    "name": null,
                    "id": -15
                },
                {
                    "name": "·ô­\u0011\n_}ä44K=\u0000íA*uFÝE",
                    "id": 25
                },
                {
                    "name": ".²-\u001aÉ\n,0d\u0017Úa\u0017!@",
                    "id": -6
                },
                {
                    "name": "\u0017D0*h",
                    "id": 13
                },
                {
                    "name": "\u0006y\u0014HÈ^a2_V4_\u000c",
                    "id": 24
                },
                {
                    "name": "=´ªÊ<)´Û}Ôs¿\tE",
                    "id": -24
                },
                {
                    "name": "n\u0015ÐÙ\u0017TxÓ6e\u0015F\u0006\u0000lcl;t",
                    "id": 1
                },
                {
                    "name": "ª\u0010\u000e\u0017",
                    "id": -25
                },
                {
                    "name": "\u0002\u00031Ñ}{\\¿ê\u0012\u0014%",
                    "id": -5
                },
                {
                    "name": "a=4vK\tU\u001d\u0007Ôoäp",
                    "id": 15
                },
                {
                    "name": "~\u000c\u0007E0¹hP\u0001ªPvt\u001c\nGC+$Za\u001dôJÕ\u0010w0",
                    "id": -27
                }
            ]
        },
        {
            "taxId": "¾©gnM\tI\u001eVv3\u0008C>v~c",
            "owner": {
                "name": "#äþ",
                "id": 7
            },
            "companyVehicle": {
                "year": -4,
                "model": "\u0007å`\u00116Sí",
                "make": "\u000c"
            },
            "employees": [
                {
                    "name": "¬\u000bG¥¼zbã\r#ÇaË\u000b¹K@Y\u001agZ\u0002Ù",
                    "id": 24
                },
                {
                    "name": "@h/\rÛÍXL&=n\u0004\u0014Ñ\u0016X|5<ýa",
                    "id": -2
                },
                {
                    "name": "dÍÊ\u00013@#c~\u001bÆä\u001d",
                    "id": -7
                },
                {
                    "name": "Q\u001eM2àeØ+Ë\"l\u0015I{\u0014a«\u0018¸\u0002It",
                    "id": -9
                },
                {
                    "name": "5îÔÈ|",
                    "id": 30
                },
                {
                    "name": null,
                    "id": -7
                },
                {
                    "name": null,
                    "id": 28
                },
                {
                    "name": null,
                    "id": 26
                },
                {
                    "name": ",ë1ÊS",
                    "id": -30
                },
                {
                    "name": "¬Q9zuL\u0012ëMq",
                    "id": 0
                },
                {
                    "name": null,
                    "id": -4
                },
                {
                    "name": "nRS@G*5!",
                    "id": -13
                },
                {
                    "name": "#=\u000384\u001eìoo\u0002\u001a\n\u0007",
                    "id": 2
                },
                {
                    "name": "ûOö ´\u0006",
                    "id": 26
                },
                {
                    "name": "\u0013üP|(ra=0\u001a«í;i4gÃ¥\u0004w\u0003",
                    "id": 25
                },
                {
                    "name": "(1\u0006\u0018\nT<Êwi>û=`3;RV\u001a?b¹P",
                    "id": -23
                },
                {
                    "name": null,
                    "id": 30
                },
                {
                    "name": "\u000cv\u0019ZX\u0011\u001f¾)o °¬;uqR|³\u000c\u0001\u001f)L«\u0012",
                    "id": 19
                },
                {
                    "name": null,
                    "id": -14
                },
                {
                    "name": "|\u001bº\r²\\'µj\u0007øgdi",
                    "id": -4
                },
                {
                    "name": "\u0013K\n\u000clÕm¼ ([\u0018æv7M#*k\u0019W!n.v",
                    "id": -10
                },
                {
                    "name": "d\u0000FAW#\u0001\u0001M\r±\u0010C|w",
                    "id": 27
                },
                {
                    "name": "¹4XLn\tA\u0014t@W7.>tU&N\u0000$ [Ò.}6Z\"hP",
                    "id": 29
                },
                {
                    "name": "Ñ4 ~7e§{ÿÕA~\u000f&Èe\u0008%\"©E,kO\u0010od6",
                    "id": 11
                },
                {
                    "name": null,
                    "id": -11
                },
                {
                    "name": "\u001bæ ED",
                    "id": 0
                }
            ]
        },
        {
            "taxId": "7-i\rK\u001b¬D\u000f;M\u0016mV9eÀ®J\u0017®",
            "owner": {
                "name": "\u0006õ$BiÓA\u0001\u001a\u0015\u000elE\tC",
                "id": 20
            },
            "companyVehicle": null,
            "employees": [
                {
                    "name": null,
                    "id": 7
                },
                {
                    "name": null,
                    "id": 1
                },
                {
                    "name": "­ãV<\u0011{#\u0010?bN\u0006h\u0014ï\u0018\">\u00071:*3É",
                    "id": 24
                },
                {
                    "name": "f/",
                    "id": -9
                },
                {
                    "name": null,
                    "id": -26
                },
                {
                    "name": "üÆÒo\r\rÉ1;\u001a6yL1_LZ\u0015w",
                    "id": 5
                },
                {
                    "name": "rÂ\\\u0011\u001b4gÙ*´IJISp?30Â`j*&\u001216\u0008ôú",
                    "id": -5
                },
                {
                    "name": null,
                    "id": -1
                },
                {
                    "name": "Wy`B1\u0011'àK>q6¬\u001dù\u0017{Ycý\u0018#?o²",
                    "id": -1
                },
                {
                    "name": "Ù¤]<\u001fK\u001dÑù",
                    "id": 23
                },
                {
                    "name": "\u001f\u000cýuR}~\u0006",
                    "id": -21
                },
                {
                    "name": "Ëh%¡\u0004Dp0O",
                    "id": -4
                },
                {
                    "name": "\u001f=ø;PLI]¼ÌOht#&\u0013E9\u0019c",
                    "id": 3
                },
                {
                    "name": null,
                    "id": 5
                },
                {
                    "name": "¯&8\u001d_ªy²½",
                    "id": 28
                },
                {
                    "name": null,
                    "id": -12
                },
                {
                    "name": "gÀ2qÙ³¢",
                    "id": 26
                },
                {
                    "name": "ý\u000cC\u001cÔrÌFs¨Xeû\u0018q«sNF",
                    "id": -7
                },
                {
                    "name": null,
                    "id": -17
                },
                {
                    "name": "w*W\u0006\"Ú/ë&\t\u0012åÃÃ¿2HáÇ\u000eÇry`",
                    "id": 25
                },
                {
                    "name": "Jb£\u000c?:³áY~",
                    "id": 12
                },
                {
                    "name": "éJO:»wy",
                    "id": 11
                },
                {
                    "name": "­d\u0004THouKO\\h\u000fnL\u0011LpY",
                    "id": 22
                },
                {
                    "name": "\u0002M\u001fß*q88F",
                    "id": 23
                },
                {
                    "name": ")#\u0014cj\u0013J¥\u001b\r'z&OB9ñ8h",
                    "id": -1
                }
            ]
        }
    ]
}