{
    "seed": -3912083483644493852,
    "samples": [
        {
            "tag": "SW1"
        },
        {
            "tag": "SW1"
        },
        {
            "tag": "SW1"
        },
        {
            "tag": "SW1"
        },
        {
            "tag": "SW1"
        },
        {
            "tag": "SW1"
        },
        {
            "tag": "SW1"
        },
        {
            "tag": "SW1"
        },
        {
            "tag": "SW1"
        },
        {
            "tag": "SW1"
        }
    ]
}