{
    "seed": -544788299438028734,
    "samples": [
        {
            "listA": [
                -23,
                -18,
                -21,
                28,
                -15,
                -1,
                -12,
                16,
                -29,
                -9,
                8,
                -3,
                -22,
                -10,
                -15
            ],
            "maybeB": 30,
            "tupleC": [
                17,
                7
            ]
        },
        {
            "listA": [
                -18,
                19,
                19,
                27,
                -14,
                -22,
                28,
                20,
                5,
                -18,
                -8,
                29,
                11,
                6,
                -19
            ],
            "maybeB": 18,
            "tupleC": [
                -21,
                -25
            ]
        },
        {
            "listA": [
                7,
                10,
                19,
                1,
                -1,
                16,
                9,
                -20,
                22,
                -9,
                15,
                15,
                -16,
                23,
                5,
                5,
                14,
                1,
                15,
                19,
                26,
                9,
                21
            ],
            "maybeB": 17,
            "tupleC": [
                -13,
                8
            ]
        },
        {
            "listA": [
                29,
                5,
                9,
                27,
                6
            ],
            "maybeB": null,
            "tupleC": [
                -14,
                -3
            ]
        },
        {
            "listA": [
                11,
                19,
                21,
                26,
                22,
                15,
                14,
                -13,
                -22,
                26,
                -16,
                -30,
                12,
                22,
                5,
                28,
                -20,
                3,
                19,
                20,
                28,
                5,
                28,
                25,
                12,
                -30,
                -15,
                13,
                23
            ],
            "maybeB": 7,
            "tupleC": [
                -27,
                -20
            ]
        },
        {
            "listA": [
                -19,
                -30,
                -23,
                -9,
                16,
                26,
                29,
                -30,
                -27,
                -5,
                29,
                5,
                20,
                14,
                -27,
                -13,
                -1,
                -19,
                9,
                -2,
                -1,
                -2,
                23,
                1,
                26,
                28
            ],
            "maybeB": null,
            "tupleC": [
                -9,
                3
            ]
        },
        {
            "listA": [
                16,
                20,
                -25,
                19,
                -18,
                -20,
                5,
                -10,
                -20,
                10,
                11,
                -25,
                -20,
                -5,
                26,
                10,
                -12,
                8,
                -18,
                13,
                -28,
                -3,
                -26,
                -11,
                23,
                -3
            ],
            "maybeB": -3,
            "tupleC": [
                7,
                -24
            ]
        },
        {
            "listA": [
                27,
                22,
                -30,
                -27,
                -19,
                0,
                -29,
                17,
                -26,
                26,
                -5,
                17,
                12,
                -4,
                7,
                -30,
                -12,
                -11,
                10,
                18,
                -17,
                27,
                25,
                0,
                19
            ],
            "maybeB": -24,
            "tupleC": [
                -2,
                22
            ]
        },
        {
            "listA": [
                -7,
                18,
                -4,
                -28,
                27,
                -28,
                -28,
                13
            ],
            "maybeB": null,
            "tupleC": [
                6,
                -25
            ]
        },
        {
            "listA": [
                15,
                3,
                -1,
                19,
                -1,
                -29,
                -17,
                2,
                -24,
                30,
                -16,
                -18,
                -4,
                -14,
                -7,
                -12,
                -27,
                20,
                -15
            ],
            "maybeB": null,
            "tupleC": [
                -9,
                -1
            ]
        }
    ]
}