{
    "seed": 6838542643758342093,
    "samples": [
        {
            "tag": "Error",
            "contents": -15
        },
        {
            "tag": "Error",
            "contents": -5
        },
        {
            "tag": "Error",
            "contents": -14
        },
        {
            "tag": "Error",
            "contents": -11
        },
        {
            "tag": "Error",
            "contents": -2
        },
        {
            "tag": "Error",
            "contents": 15
        },
        {
            "tag": "Error",
            "contents": 12
        },
        {
            "tag": "Error",
            "contents": 21
        },
        {
            "tag": "Error",
            "contents": -10
        },
        {
            "tag": "Error",
            "contents": -18
        }
    ]
}