{
    "seed": -2235679539073054709,
    "samples": [
        {
            "tag": "Success",
            "contents": 17
        },
        {
            "tag": "Success",
            "contents": 20
        },
        {
            "tag": "Success",
            "contents": 3
        },
        {
            "tag": "Success",
            "contents": -6
        },
        {
            "tag": "Success",
            "contents": 15
        },
        {
            "tag": "Success",
            "contents": -14
        },
        {
            "tag": "Success",
            "contents": -26
        },
        {
            "tag": "Success",
            "contents": -7
        },
        {
            "tag": "Success",
            "contents": -27
        },
        {
            "tag": "Success",
            "contents": 21
        }
    ]
}