{
    "seed": 6988749980321227698,
    "samples": [
        {
            "tag": "HasMultipleInts",
            "contents": [
                9,
                -11
            ]
        },
        {
            "tag": "HasMultipleInts",
            "contents": [
                5,
                28
            ]
        },
        {
            "tag": "HasMultipleInts",
            "contents": [
                25,
                -4
            ]
        },
        {
            "tag": "HasMultipleInts",
            "contents": [
                27,
                -28
            ]
        },
        {
            "tag": "HasMultipleInts",
            "contents": [
                19,
                -7
            ]
        },
        {
            "tag": "HasMultipleInts",
            "contents": [
                -22,
                -15
            ]
        },
        {
            "tag": "HasMultipleInts",
            "contents": [
                1,
                27
            ]
        },
        {
            "tag": "HasMultipleInts",
            "contents": [
                -8,
                -14
            ]
        },
        {
            "tag": "HasMultipleInts",
            "contents": [
                -2,
                -9
            ]
        },
        {
            "tag": "HasMultipleInts",
            "contents": [
                15,
                -12
            ]
        }
    ]
}