{
    "seed": -9169407051707832285,
    "samples": [
        {
            "tag": "HasMultipleTuples",
            "contents": [
                [
                    -1,
                    -28
                ],
                [
                    8,
                    -15
                ]
            ]
        },
        {
            "tag": "HasMultipleTuples",
            "contents": [
                [
                    30,
                    -29
                ],
                [
                    -6,
                    -14
                ]
            ]
        },
        {
            "tag": "HasMultipleTuples",
            "contents": [
                [
                    8,
                    -1
                ],
                [
                    5,
                    -10
                ]
            ]
        },
        {
            "tag": "HasMultipleTuples",
            "contents": [
                [
                    9,
                    -15
                ],
                [
                    -22,
                    28
                ]
            ]
        },
        {
            "tag": "HasMultipleTuples",
            "contents": [
                [
                    -1,
                    12
                ],
                [
                    -21,
                    -22
                ]
            ]
        },
        {
            "tag": "HasMultipleTuples",
            "contents": [
                [
                    -22,
                    -7
                ],
                [
                    24,
                    12
                ]
            ]
        },
        {
            "tag": "HasMultipleTuples",
            "contents": [
                [
                    29,
                    -24
                ],
                [
                    -1,
                    20
                ]
            ]
        },
        {
            "tag": "HasMultipleTuples",
            "contents": [
                [
                    0,
                    13
                ],
                [
                    -14,
                    -1
                ]
            ]
        },
        {
            "tag": "HasMultipleTuples",
            "contents": [
                [
                    11,
                    -18
                ],
                [
                    30,
                    -11
                ]
            ]
        },
        {
            "tag": "HasMultipleTuples",
            "contents": [
                [
                    28,
                    -22
                ],
                [
                    13,
                    -18
                ]
            ]
        }
    ]
}