{
    "seed": 8143029435289375671,
    "samples": [
        {
            "tag": "HasSingleTuple",
            "contents": [
                16,
                -29
            ]
        },
        {
            "tag": "HasSingleTuple",
            "contents": [
                28,
                -3
            ]
        },
        {
            "tag": "HasSingleTuple",
            "contents": [
                8,
                16
            ]
        },
        {
            "tag": "HasSingleTuple",
            "contents": [
                -29,
                -1
            ]
        },
        {
            "tag": "HasSingleTuple",
            "contents": [
                5,
                -14
            ]
        },
        {
            "tag": "HasSingleTuple",
            "contents": [
                24,
                5
            ]
        },
        {
            "tag": "HasSingleTuple",
            "contents": [
                27,
                13
            ]
        },
        {
            "tag": "HasSingleTuple",
            "contents": [
                -21,
                29
            ]
        },
        {
            "tag": "HasSingleTuple",
            "contents": [
                -13,
                -23
            ]
        },
        {
            "tag": "HasSingleTuple",
            "contents": [
                -21,
                -17
            ]
        }
    ]
}