{
    "seed": -3206408502528725740,
    "samples": [
        {
            "wp2a": 17,
            "wp2b": 15
        },
        {
            "wp2a": 1,
            "wp2b": -6
        },
        {
            "wp2a": 27,
            "wp2b": 28
        },
        {
            "wp2a": -1,
            "wp2b": 16
        },
        {
            "wp2a": 9,
            "wp2b": -27
        },
        {
            "wp2a": -27,
            "wp2b": 12
        },
        {
            "wp2a": -27,
            "wp2b": 5
        },
        {
            "wp2a": -14,
            "wp2b": -11
        },
        {
            "wp2a": 19,
            "wp2b": 13
        },
        {
            "wp2a": 19,
            "wp2b": -17
        }
    ]
}