{
    "seed": 2171856290673571772,
    "samples": [
        {
            "otpId": 10,
            "otpFirst": -13
        },
        {
            "otpId": 8,
            "otpFirst": 8
        },
        {
            "otpId": -3,
            "otpFirst": 23
        },
        {
            "otpId": -3,
            "otpFirst": -9
        },
        {
            "otpId": 28,
            "otpFirst": 30
        },
        {
            "otpId": -8,
            "otpFirst": -12
        },
        {
            "otpId": 17,
            "otpFirst": -21
        },
        {
            "otpId": 20,
            "otpFirst": -9
        },
        {
            "otpId": 12,
            "otpFirst": -5
        },
        {
            "otpId": -20,
            "otpFirst": 4
        }
    ]
}