{
    "seed": 2014006095097997093,
    "samples": [
        "On",
        "On",
        "On",
        "On",
        "On",
        "On",
        "On",
        "On",
        "On",
        "On"
    ]
}