{
    "seed": -468673841574244709,
    "samples": [
        {
            "address2": "\u0003\u0003\u001c7±1g2\\´",
            "boss": null
        },
        {
            "address2": "\u0015§ß#O\u0008z'#nw3TÔ\u0003IF5\u001e0/",
            "boss": {
                "created": "1864-05-05T00:00:01.011Z",
                "name": null,
                "id": -17
            }
        },
        {
            "address2": "xðtb6ó`\u0005pT\u001cCq\u0018",
            "boss": {
                "created": "1864-05-15T00:00:01.011Z",
                "name": ";B{s",
                "id": 8
            }
        },
        {
            "address2": "S¼fs°UYY:\u0013\u0006\u0016i3\tÁ1ÃFfEð}\u0006",
            "boss": null
        },
        {
            "address2": "mV",
            "boss": {
                "created": "1864-04-15T00:00:01.011Z",
                "name": "\u000c\u000eíð.¸y\u0013",
                "id": -1
            }
        },
        {
            "address2": "¨\r®KewÀCÉ\u001c9k\u0014p\u001c\u001dî¯p",
            "boss": {
                "created": "1864-05-03T00:00:01.011Z",
                "name": "¨\u0010s",
                "id": 15
            }
        },
        {
            "address2": "hk\u0005êU^*wC",
            "boss": {
                "created": "1864-05-11T00:00:01.011Z",
                "name": "£Ãøw¬M",
                "id": 3
            }
        },
        {
            "address2": "2ÿS\u0013\u001d",
            "boss": null
        },
        {
            "address2": "8o7\u0010ß:PqJ6$] >g\u0018\u001f\u0011<\u00167O\u0019&,",
            "boss": null
        },
        {
            "address2": "\\f$kñÖDÍo4÷C:T\\a8+Ñjc8ì!",
            "boss": {
                "created": "1864-05-15T00:00:01.011Z",
                "name": "f\u0005'4\u001c¯T\u00123\u0017Dz \\T\u001cqi$nW:6f,\rU\u0016",
                "id": -6
            }
        }
    ]
}