{
    "seed": 283427717856865414,
    "samples": [
        "Clubs",
        "Clubs",
        "Clubs",
        "Clubs",
        "Clubs",
        "Clubs",
        "Clubs",
        "Clubs",
        "Clubs",
        "Clubs"
    ]
}