{
    "seed": -5612126926732564206,
    "samples": [
        {
            "ttpFirst": -6,
            "ttpSecond": 27,
            "ttpId": 7
        },
        {
            "ttpFirst": 24,
            "ttpSecond": 16,
            "ttpId": -10
        },
        {
            "ttpFirst": 29,
            "ttpSecond": -27,
            "ttpId": -3
        },
        {
            "ttpFirst": 18,
            "ttpSecond": -23,
            "ttpId": -12
        },
        {
            "ttpFirst": -21,
            "ttpSecond": -2,
            "ttpId": -19
        },
        {
            "ttpFirst": 29,
            "ttpSecond": -13,
            "ttpId": -3
        },
        {
            "ttpFirst": -29,
            "ttpSecond": 28,
            "ttpId": -19
        },
        {
            "ttpFirst": -14,
            "ttpSecond": 1,
            "ttpId": -19
        },
        {
            "ttpFirst": 10,
            "ttpSecond": -1,
            "ttpId": 16
        },
        {
            "ttpFirst": -5,
            "ttpSecond": 5,
            "ttpId": -22
        }
    ]
}