{
    "seed": -6868269631152827663,
    "samples": [
        {
            "wrapperC": "3Hÿ¤-|\u000bZÊ&G2\r6F",
            "wrapperB": 9,
            "wrapperA": -18
        },
        {
            "wrapperC": "ùÀF[\u0017\u0002",
            "wrapperB": 21,
            "wrapperA": -29
        },
        {
            "wrapperC": "ì;â,.\u000fnD÷Tyh\u0016Vvµ2WÕ\u001d·\u001a*)\u000f",
            "wrapperB": -15,
            "wrapperA": -18
        },
        {
            "wrapperC": "û6a\u001d\u00195;",
            "wrapperB": -9,
            "wrapperA": -5
        },
        {
            "wrapperC": "t<-\tvU1\u0014\u001b-Û",
            "wrapperB": 28,
            "wrapperA": -19
        },
        {
            "wrapperC": "¬\u0015?¯\u0017",
            "wrapperB": 10,
            "wrapperA": 23
        },
        {
            "wrapperC": "JI\u0000V\u0017ï\u0006\u001eU#\u0000D\u0004Q",
            "wrapperB": 10,
            "wrapperA": -4
        },
        {
            "wrapperC": "\")}>\t@8<BI",
            "wrapperB": -26,
            "wrapperA": -18
        },
        {
            "wrapperC": "R\u0000OBZKK }EI>\u001bN\nÁ[åGÃ\u001b",
            "wrapperB": -1,
            "wrapperA": -14
        },
        {
            "wrapperC": "p#8l",
            "wrapperB": -6,
            "wrapperA": 25
        }
    ]
}