{
    "seed": 4382999546495266546,
    "samples": [
        {
            "tw": {
                "wpa": [
                    14,
                    "Ê7Uà\u0013W¦U\u0015.",
                    56.64926566201225
                ]
            }
        },
        {
            "tw": {
                "wpa": [
                    -4,
                    "ª'^HQ+J\u0010\u0010E\u001c\u0006Rm?$\u0010«EÌ!¤Õ",
                    -50.4301013606979
                ]
            }
        },
        {
            "tw": {
                "wpa": [
                    -7,
                    "ã:",
                    -24.96180309731054
                ]
            }
        },
        {
            "tw": {
                "wpa": [
                    20,
                    "3)tYæ2^)¼,[\tÀËJ\u0007\u0000Sõ`ú?òq",
                    52.39916050766819
                ]
            }
        },
        {
            "tw": {
                "wpa": [
                    -16,
                    ">DÝÑ,£q",
                    286.60026451969225
                ]
            }
        },
        {
            "tw": {
                "wpa": [
                    3,
                    "",
                    157.42120197872538
                ]
            }
        },
        {
            "tw": {
                "wpa": [
                    -7,
                    "7I\u0008\u0005e\t¢¯T\u0011*à\u0000\u0012\u0018\u001cUúäN «",
                    -473.2068671074769
                ]
            }
        },
        {
            "tw": {
                "wpa": [
                    14,
                    "!2\u001d[`Ø,\u000b4B#;`J\u001b-\u001c>Î\u000b",
                    -24.415439068291686
                ]
            }
        },
        {
            "tw": {
                "wpa": [
                    19,
                    "~\u000f|ÇßAT\u0012`<ïØ=",
                    0.3676055841870247
                ]
            }
        },
        {
            "tw": {
                "wpa": [
                    -6,
                    "\u001bÍjHMX1X=\\\u000bqÁ@]Ã)",
                    3.9775250738533776
                ]
            }
        }
    ]
}