{
    "seed": -7758743111883465147,
    "samples": [
        {
            "choice": {
                "Right": -12
            }
        },
        {
            "choice": {
                "Left": "m^ùz\u0000ýH)\u0017"
            }
        },
        {
            "choice": {
                "Right": 14
            }
        },
        {
            "choice": {
                "Left": "FéxF%.Êã<"
            }
        },
        {
            "choice": {
                "Right": -13
            }
        },
        {
            "choice": {
                "Left": "WN*\u000e\u0003\u0013\\8(:D\u0013¥]Á:mF<F[d("
            }
        },
        {
            "choice": {
                "Right": 23
            }
        },
        {
            "choice": {
                "Left": "#\u001evC\u000f»÷\u0015\r;cÀÒðß\u000e\u000b\u0017"
            }
        },
        {
            "choice": {
                "Left": "¦\u0017\u0010?ÓnË\n\u000c¯Lé@`Z $j "
            }
        },
        {
            "choice": {
                "Right": -13
            }
        }
    ]
}